------------------------------------------------------------
TimeQuest Timing Analyzer Summary
------------------------------------------------------------

Type  : Slow 1200mV 85C Model Setup 'clock'
Slack : -4.098
TNS   : -12090.470

Type  : Slow 1200mV 85C Model Setup 'uart:uart1|newClock:c1|newClock'
Slack : -4.081
TNS   : -51.035

Type  : Slow 1200mV 85C Model Setup 'uart:uart1|tx:tx1|busy~1'
Slack : -3.617
TNS   : -21.295

Type  : Slow 1200mV 85C Model Hold 'clock'
Slack : -3.193
TNS   : -9.741

Type  : Slow 1200mV 85C Model Hold 'uart:uart1|tx:tx1|busy~1'
Slack : -2.729
TNS   : -11.635

Type  : Slow 1200mV 85C Model Hold 'uart:uart1|newClock:c1|newClock'
Slack : -2.036
TNS   : -7.985

Type  : Slow 1200mV 85C Model Recovery 'uart:uart1|newClock:c1|newClock'
Slack : -5.778
TNS   : -31.529

Type  : Slow 1200mV 85C Model Recovery 'clock'
Slack : -1.522
TNS   : -232.740

Type  : Slow 1200mV 85C Model Removal 'clock'
Slack : 0.587
TNS   : 0.000

Type  : Slow 1200mV 85C Model Removal 'uart:uart1|newClock:c1|newClock'
Slack : 1.008
TNS   : 0.000

Type  : Slow 1200mV 85C Model Minimum Pulse Width 'clock'
Slack : -3.000
TNS   : -6231.476

Type  : Slow 1200mV 85C Model Minimum Pulse Width 'uart:uart1|newClock:c1|newClock'
Slack : -1.285
TNS   : -41.120

Type  : Slow 1200mV 85C Model Minimum Pulse Width 'uart:uart1|tx:tx1|busy~1'
Slack : 0.435
TNS   : 0.000

Type  : Slow 1200mV 0C Model Setup 'clock'
Slack : -3.698
TNS   : -10736.187

Type  : Slow 1200mV 0C Model Setup 'uart:uart1|newClock:c1|newClock'
Slack : -3.540
TNS   : -43.065

Type  : Slow 1200mV 0C Model Setup 'uart:uart1|tx:tx1|busy~1'
Slack : -3.392
TNS   : -20.618

Type  : Slow 1200mV 0C Model Hold 'clock'
Slack : -2.934
TNS   : -8.975

Type  : Slow 1200mV 0C Model Hold 'uart:uart1|tx:tx1|busy~1'
Slack : -2.382
TNS   : -10.159

Type  : Slow 1200mV 0C Model Hold 'uart:uart1|newClock:c1|newClock'
Slack : -1.914
TNS   : -7.453

Type  : Slow 1200mV 0C Model Recovery 'uart:uart1|newClock:c1|newClock'
Slack : -5.093
TNS   : -28.048

Type  : Slow 1200mV 0C Model Recovery 'clock'
Slack : -1.321
TNS   : -177.458

Type  : Slow 1200mV 0C Model Removal 'clock'
Slack : 0.525
TNS   : 0.000

Type  : Slow 1200mV 0C Model Removal 'uart:uart1|newClock:c1|newClock'
Slack : 0.898
TNS   : 0.000

Type  : Slow 1200mV 0C Model Minimum Pulse Width 'clock'
Slack : -3.000
TNS   : -6230.068

Type  : Slow 1200mV 0C Model Minimum Pulse Width 'uart:uart1|newClock:c1|newClock'
Slack : -1.285
TNS   : -41.120

Type  : Slow 1200mV 0C Model Minimum Pulse Width 'uart:uart1|tx:tx1|busy~1'
Slack : 0.377
TNS   : 0.000

Type  : Fast 1200mV 0C Model Setup 'uart:uart1|newClock:c1|newClock'
Slack : -1.933
TNS   : -12.785

Type  : Fast 1200mV 0C Model Setup 'uart:uart1|tx:tx1|busy~1'
Slack : -1.535
TNS   : -6.970

Type  : Fast 1200mV 0C Model Setup 'clock'
Slack : -1.515
TNS   : -3843.145

Type  : Fast 1200mV 0C Model Hold 'clock'
Slack : -1.835
TNS   : -7.170

Type  : Fast 1200mV 0C Model Hold 'uart:uart1|tx:tx1|busy~1'
Slack : -1.614
TNS   : -7.209

Type  : Fast 1200mV 0C Model Hold 'uart:uart1|newClock:c1|newClock'
Slack : -1.014
TNS   : -4.865

Type  : Fast 1200mV 0C Model Recovery 'uart:uart1|newClock:c1|newClock'
Slack : -2.791
TNS   : -14.614

Type  : Fast 1200mV 0C Model Recovery 'clock'
Slack : -0.305
TNS   : -9.655

Type  : Fast 1200mV 0C Model Removal 'clock'
Slack : 0.282
TNS   : 0.000

Type  : Fast 1200mV 0C Model Removal 'uart:uart1|newClock:c1|newClock'
Slack : 0.489
TNS   : 0.000

Type  : Fast 1200mV 0C Model Minimum Pulse Width 'clock'
Slack : -3.000
TNS   : -5121.018

Type  : Fast 1200mV 0C Model Minimum Pulse Width 'uart:uart1|newClock:c1|newClock'
Slack : -1.000
TNS   : -32.000

Type  : Fast 1200mV 0C Model Minimum Pulse Width 'uart:uart1|tx:tx1|busy~1'
Slack : 0.271
TNS   : 0.000

------------------------------------------------------------
