------------------------------------------------------------
TimeQuest Timing Analyzer Summary
------------------------------------------------------------

Type  : Slow 1200mV 85C Model Setup 'clock'
Slack : -4.557
TNS   : -12211.030

Type  : Slow 1200mV 85C Model Setup 'uart:uart1|newClock:c1|newClock'
Slack : -4.503
TNS   : -48.665

Type  : Slow 1200mV 85C Model Setup 'uart:uart1|tx:tx1|busy~1'
Slack : -3.318
TNS   : -20.154

Type  : Slow 1200mV 85C Model Hold 'clock'
Slack : -2.764
TNS   : -17.631

Type  : Slow 1200mV 85C Model Hold 'uart:uart1|tx:tx1|busy~1'
Slack : -2.600
TNS   : -11.881

Type  : Slow 1200mV 85C Model Hold 'uart:uart1|newClock:c1|newClock'
Slack : -1.799
TNS   : -10.146

Type  : Slow 1200mV 85C Model Recovery 'uart:uart1|newClock:c1|newClock'
Slack : -5.886
TNS   : -29.246

Type  : Slow 1200mV 85C Model Recovery 'clock'
Slack : -1.279
TNS   : -210.301

Type  : Slow 1200mV 85C Model Removal 'clock'
Slack : 0.529
TNS   : 0.000

Type  : Slow 1200mV 85C Model Removal 'uart:uart1|newClock:c1|newClock'
Slack : 0.535
TNS   : 0.000

Type  : Slow 1200mV 85C Model Minimum Pulse Width 'clock'
Slack : -3.000
TNS   : -6231.476

Type  : Slow 1200mV 85C Model Minimum Pulse Width 'uart:uart1|newClock:c1|newClock'
Slack : -1.285
TNS   : -41.120

Type  : Slow 1200mV 85C Model Minimum Pulse Width 'uart:uart1|tx:tx1|busy~1'
Slack : 0.421
TNS   : 0.000

Type  : Slow 1200mV 0C Model Setup 'clock'
Slack : -4.091
TNS   : -10831.332

Type  : Slow 1200mV 0C Model Setup 'uart:uart1|newClock:c1|newClock'
Slack : -3.992
TNS   : -41.536

Type  : Slow 1200mV 0C Model Setup 'uart:uart1|tx:tx1|busy~1'
Slack : -3.064
TNS   : -19.286

Type  : Slow 1200mV 0C Model Hold 'clock'
Slack : -2.562
TNS   : -16.056

Type  : Slow 1200mV 0C Model Hold 'uart:uart1|tx:tx1|busy~1'
Slack : -2.260
TNS   : -10.371

Type  : Slow 1200mV 0C Model Hold 'uart:uart1|newClock:c1|newClock'
Slack : -1.605
TNS   : -9.238

Type  : Slow 1200mV 0C Model Recovery 'uart:uart1|newClock:c1|newClock'
Slack : -5.205
TNS   : -26.040

Type  : Slow 1200mV 0C Model Recovery 'clock'
Slack : -1.047
TNS   : -156.334

Type  : Slow 1200mV 0C Model Removal 'uart:uart1|newClock:c1|newClock'
Slack : 0.420
TNS   : 0.000

Type  : Slow 1200mV 0C Model Removal 'clock'
Slack : 0.477
TNS   : 0.000

Type  : Slow 1200mV 0C Model Minimum Pulse Width 'clock'
Slack : -3.000
TNS   : -6230.068

Type  : Slow 1200mV 0C Model Minimum Pulse Width 'uart:uart1|newClock:c1|newClock'
Slack : -1.285
TNS   : -41.120

Type  : Slow 1200mV 0C Model Minimum Pulse Width 'uart:uart1|tx:tx1|busy~1'
Slack : 0.329
TNS   : 0.000

Type  : Fast 1200mV 0C Model Setup 'uart:uart1|newClock:c1|newClock'
Slack : -1.926
TNS   : -10.424

Type  : Fast 1200mV 0C Model Setup 'clock'
Slack : -1.838
TNS   : -3994.223

Type  : Fast 1200mV 0C Model Setup 'uart:uart1|tx:tx1|busy~1'
Slack : -1.339
TNS   : -6.329

Type  : Fast 1200mV 0C Model Hold 'clock'
Slack : -1.608
TNS   : -10.905

Type  : Fast 1200mV 0C Model Hold 'uart:uart1|tx:tx1|busy~1'
Slack : -1.565
TNS   : -7.266

Type  : Fast 1200mV 0C Model Hold 'uart:uart1|newClock:c1|newClock'
Slack : -1.058
TNS   : -5.862

Type  : Fast 1200mV 0C Model Recovery 'uart:uart1|newClock:c1|newClock'
Slack : -2.735
TNS   : -12.974

Type  : Fast 1200mV 0C Model Recovery 'clock'
Slack : -0.178
TNS   : -1.711

Type  : Fast 1200mV 0C Model Removal 'uart:uart1|newClock:c1|newClock'
Slack : 0.256
TNS   : 0.000

Type  : Fast 1200mV 0C Model Removal 'clock'
Slack : 0.257
TNS   : 0.000

Type  : Fast 1200mV 0C Model Minimum Pulse Width 'clock'
Slack : -3.000
TNS   : -5118.800

Type  : Fast 1200mV 0C Model Minimum Pulse Width 'uart:uart1|newClock:c1|newClock'
Slack : -1.000
TNS   : -32.000

Type  : Fast 1200mV 0C Model Minimum Pulse Width 'uart:uart1|tx:tx1|busy~1'
Slack : 0.309
TNS   : 0.000

------------------------------------------------------------
